### User
~~~md
<environment_info>
The user's current OS is: Linux
The user's default shell is: "zsh". When you generate terminal commands, please generate them correctly for this shell.
</environment_info>
<workspace_info>
I am working in a workspace with the following folders:
- /workspace 
I am working in a workspace that has the following structure:
```

```
This is the state of the context at this point in the conversation. The view of the workspace structure may be truncated. You can use tools to collect more context if needed.
</workspace_info>
copilot_cache_control: {"type":"ephemeral"}
~~~


### User
~~~md
<conversation-summary>
summarized 2!
</conversation-summary>
~~~


### Assistant
~~~md
next response
üõ†Ô∏è insert_edit_into_file (tooluse_4) {
  "filePath": "/workspace/file.ts",
  "code": "// existing code...
console.log('hi')"
}
~~~


### Tool
~~~md
üõ†Ô∏è tooluse_4
success
copilot_cache_control: {"type":"ephemeral"}
~~~


### User
~~~md
<attachments>
<attachment id="file" filePath="/workspace/file.ts">
```ts
line 1
line 2

line 4
line 5
```
</attachment>

</attachments>
<context>
(Date removed from snapshot)
</context>
<reminderInstructions>

</reminderInstructions>
<userRequest>
edit this file
</userRequest>
copilot_cache_control: {"type":"ephemeral"}
~~~


### Assistant
~~~md
hello next round
üõ†Ô∏è insert_edit_into_file (tooluse_5) {
  "filePath": "/workspace/file.ts",
  "code": "// existing code...
console.log('hi')"
}
~~~


### Tool
~~~md
üõ†Ô∏è tooluse_5
success
copilot_cache_control: {"type":"ephemeral"}
~~~
